This is pdfTeX, Version 3.141592653-2.6-1.40.25 (TeX Live 2023/Debian) (preloaded format=pdflatex 2026.7.8)  27 JUL 2026 23:44
entering extended mode
 restricted \write18 enabled.
 %&-line parsing enabled.
**main.tex
(./main.tex
LaTeX2e <2023-11-01> patch level 1
L3 programming layer <2024-01-22>
(/usr/share/texlive/texmf-dist/tex/latex/base/article.cls
Document Class: article 2023/05/17 v1.4n Standard LaTeX document class
(/usr/share/texlive/texmf-dist/tex/latex/base/size12.clo
File: size12.clo 2023/05/17 v1.4n Standard LaTeX file (size option)
)
\c@part=\count187
\c@section=\count188
\c@subsection=\count189
\c@subsubsection=\count190
\c@paragraph=\count191
\c@subparagraph=\count192
\c@figure=\count193
\c@table=\count194
\abovecaptionskip=\skip48
\belowcaptionskip=\skip49
\bibindent=\dimen140
)
(/usr/share/texlive/texmf-dist/tex/latex/natbib/natbib.sty
Package: natbib 2010/09/13 8.31b (PWD, AO)
\bibhang=\skip50
\bibsep=\skip51
LaTeX Info: Redefining \cite on input line 694.
\c@NAT@ctr=\count195
)
(/usr/share/texlive/texmf-dist/tex/latex/floatrow/floatrow.sty
Package: floatrow 2008/08/02 v0.3b floatrow: float package extension

(/usr/share/texlive/texmf-dist/tex/latex/graphics/keyval.sty
Package: keyval 2022/05/29 v1.15 key=value parser (DPC)
\KV@toks@=\toks17
)
(/usr/share/texlive/texmf-dist/tex/latex/caption/caption3.sty
Package: caption3 2023/07/31 v2.4d caption3 kernel (AR)
\caption@tempdima=\dimen141
\captionmargin=\dimen142
\caption@leftmargin=\dimen143
\caption@rightmargin=\dimen144
\caption@width=\dimen145
\caption@indent=\dimen146
\caption@parindent=\dimen147
\caption@hangindent=\dimen148
Package caption Info: Standard document class detected.
)
\c@float@type=\count196
\float@exts=\toks18
\float@box=\box51
\@floatcapt=\box52
Package floatrow Info: Modified float package code loaded on input line 455.
Package floatrow Info: Modified rotfloat package code loaded on input line 473.

\FR@everyfloat=\toks19
\flrow@foot=\insert199
\FB@wd=\dimen149
\FBo@wd=\dimen150
\FBc@wd=\dimen151
\FBo@ht=\skip52
\FBc@ht=\skip53
\FBf@ht=\skip54
\FBo@max=\skip55
\FBc@max=\skip56
\FBf@max=\skip57
\c@FBl@b=\count197
\floatbox@depth=\count198
\c@FRobj=\count266
\c@FRsobj=\count267
\Xhsize=\skip58
\sXhsize=\skip59
\Zhsize=\skip60
\sZhsize=\skip61
\flrow@rowbox=\box53
\FR@Zunitlength=\dimen152
\c@FBcnt=\count268
\FPOScnt=\count269
\LTleft=\skip62
\LTright=\skip63
\LTleft=\skip64
\LTright=\skip65
\flrow@types=\toks20
)
(/usr/share/texlive/texmf-dist/tex/latex/threeparttable/threeparttable.sty
Package: threeparttable 2003/06/13  v 3.0
\@tempboxb=\box54
)
(/usr/share/texlive/texmf-dist/tex/latex/ragged2e/ragged2e.sty
Package: ragged2e 2023/06/22 v3.6 ragged2e Package
\CenteringLeftskip=\skip66
\RaggedLeftLeftskip=\skip67
\RaggedRightLeftskip=\skip68
\CenteringRightskip=\skip69
\RaggedLeftRightskip=\skip70
\RaggedRightRightskip=\skip71
\CenteringParfillskip=\skip72
\RaggedLeftParfillskip=\skip73
\RaggedRightParfillskip=\skip74
\JustifyingParfillskip=\skip75
\CenteringParindent=\skip76
\RaggedLeftParindent=\skip77
\RaggedRightParindent=\skip78
\JustifyingParindent=\skip79
)
(/usr/share/texlive/texmf-dist/tex/latex/amsmath/amsmath.sty
Package: amsmath 2023/05/13 v2.17o AMS math features
\@mathmargin=\skip80

For additional information on amsmath, use the `?' option.
(/usr/share/texlive/texmf-dist/tex/latex/amsmath/amstext.sty
Package: amstext 2021/08/26 v2.01 AMS text

(/usr/share/texlive/texmf-dist/tex/latex/amsmath/amsgen.sty
File: amsgen.sty 1999/11/30 v2.0 generic functions
\@emptytoks=\toks21
\ex@=\dimen153
))
(/usr/share/texlive/texmf-dist/tex/latex/amsmath/amsbsy.sty
Package: amsbsy 1999/11/29 v1.2d Bold Symbols
\pmbraise@=\dimen154
)
(/usr/share/texlive/texmf-dist/tex/latex/amsmath/amsopn.sty
Package: amsopn 2022/04/08 v2.04 operator names
)
\inf@bad=\count270
LaTeX Info: Redefining \frac on input line 234.
\uproot@=\count271
\leftroot@=\count272
LaTeX Info: Redefining \overline on input line 399.
LaTeX Info: Redefining \colon on input line 410.
\classnum@=\count273
\DOTSCASE@=\count274
LaTeX Info: Redefining \ldots on input line 496.
LaTeX Info: Redefining \dots on input line 499.
LaTeX Info: Redefining \cdots on input line 620.
\Mathstrutbox@=\box55
\strutbox@=\box56
LaTeX Info: Redefining \big on input line 722.
LaTeX Info: Redefining \Big on input line 723.
LaTeX Info: Redefining \bigg on input line 724.
LaTeX Info: Redefining \Bigg on input line 725.
\big@size=\dimen155
LaTeX Font Info:    Redeclaring font encoding OML on input line 743.
LaTeX Font Info:    Redeclaring font encoding OMS on input line 744.
\macc@depth=\count275
LaTeX Info: Redefining \bmod on input line 905.
LaTeX Info: Redefining \pmod on input line 910.
LaTeX Info: Redefining \smash on input line 940.
LaTeX Info: Redefining \relbar on input line 970.
LaTeX Info: Redefining \Relbar on input line 971.
\c@MaxMatrixCols=\count276
\dotsspace@=\muskip16
\c@parentequation=\count277
\dspbrk@lvl=\count278
\tag@help=\toks22
\row@=\count279
\column@=\count280
\maxfields@=\count281
\andhelp@=\toks23
\eqnshift@=\dimen156
\alignsep@=\dimen157
\tagshift@=\dimen158
\tagwidth@=\dimen159
\totwidth@=\dimen160
\lineht@=\dimen161
\@envbody=\toks24
\multlinegap=\skip81
\multlinetaggap=\skip82
\mathdisplay@stack=\toks25
LaTeX Info: Redefining \[ on input line 2953.
LaTeX Info: Redefining \] on input line 2954.
)
(/usr/share/texlive/texmf-dist/tex/latex/amsfonts/amssymb.sty
Package: amssymb 2013/01/14 v3.01 AMS font symbols

(/usr/share/texlive/texmf-dist/tex/latex/amsfonts/amsfonts.sty
Package: amsfonts 2013/01/14 v3.01 Basic AMSFonts support
\symAMSa=\mathgroup4
\symAMSb=\mathgroup5
LaTeX Font Info:    Redeclaring math symbol \hbar on input line 98.
LaTeX Font Info:    Overwriting math alphabet `\mathfrak' in version `bold'
(Font)                  U/euf/m/n --> U/euf/b/n on input line 106.
))
(/usr/share/texlive/texmf-dist/tex/latex/amscls/amsthm.sty
Package: amsthm 2020/05/29 v2.20.6
\thm@style=\toks26
\thm@bodyfont=\toks27
\thm@headfont=\toks28
\thm@notefont=\toks29
\thm@headpunct=\toks30
\thm@preskip=\skip83
\thm@postskip=\skip84
\thm@headsep=\skip85
\dth@everypar=\toks31
)
(/usr/share/texlive/texmf-dist/tex/latex/jknapltx/mathrsfs.sty
Package: mathrsfs 1996/01/01 Math RSFS package v1.0 (jk)
\symrsfs=\mathgroup6
)
(/usr/share/texlive/texmf-dist/tex/latex/doublestroke/dsfont.sty
Package: dsfont 1995/08/01 v0.1 Double stroke roman fonts
)
(/usr/share/texlive/texmf-dist/tex/latex/geometry/geometry.sty
Package: geometry 2020/01/02 v5.9 Page Geometry

(/usr/share/texlive/texmf-dist/tex/generic/iftex/ifvtex.sty
Package: ifvtex 2019/10/25 v1.7 ifvtex legacy package. Use iftex instead.

(/usr/share/texlive/texmf-dist/tex/generic/iftex/iftex.sty
Package: iftex 2022/02/03 v1.0f TeX engine tests
))
\Gm@cnth=\count282
\Gm@cntv=\count283
\c@Gm@tempcnt=\count284
\Gm@bindingoffset=\dimen162
\Gm@wd@mp=\dimen163
\Gm@odd@mp=\dimen164
\Gm@even@mp=\dimen165
\Gm@layoutwidth=\dimen166
\Gm@layoutheight=\dimen167
\Gm@layouthoffset=\dimen168
\Gm@layoutvoffset=\dimen169
\Gm@dimlist=\toks32
)
(/usr/share/texlive/texmf-dist/tex/latex/multirow/multirow.sty
Package: multirow 2021/03/15 v2.8 Span multiple rows of a table
\multirow@colwidth=\skip86
\multirow@cntb=\count285
\multirow@dima=\skip87
\bigstrutjot=\dimen170
)
(/usr/share/texlive/texmf-dist/tex/latex/bbm-macros/bbm.sty
Package: bbm 1999/03/15 V 1.2 provides fonts for set symbols - TH
LaTeX Font Info:    Overwriting math alphabet `\mathbbm' in version `bold'
(Font)                  U/bbm/m/n --> U/bbm/bx/n on input line 33.
LaTeX Font Info:    Overwriting math alphabet `\mathbbmss' in version `bold'
(Font)                  U/bbmss/m/n --> U/bbmss/bx/n on input line 35.
)
(/usr/share/texlive/texmf-dist/tex/latex/graphics/lscape.sty
Package: lscape 2020/05/28 v3.02 Landscape Pages (DPC)

(/usr/share/texlive/texmf-dist/tex/latex/graphics/graphics.sty
Package: graphics 2022/03/10 v1.4e Standard LaTeX Graphics (DPC,SPQR)

(/usr/share/texlive/texmf-dist/tex/latex/graphics/trig.sty
Package: trig 2021/08/11 v1.11 sin cos tan (DPC)
)
(/usr/share/texlive/texmf-dist/tex/latex/graphics-cfg/graphics.cfg
File: graphics.cfg 2016/06/04 v1.11 sample graphics configuration
)
Package graphics Info: Driver file: pdftex.def on input line 107.

(/usr/share/texlive/texmf-dist/tex/latex/graphics-def/pdftex.def
File: pdftex.def 2022/09/22 v1.2b Graphics/color driver for pdftex
)))
(/usr/share/texlive/texmf-dist/tex/latex/l3packages/xparse/xparse.sty
(/usr/share/texlive/texmf-dist/tex/latex/l3kernel/expl3.sty
Package: expl3 2024-01-22 L3 programming layer (loader) 

(/usr/share/texlive/texmf-dist/tex/latex/l3backend/l3backend-pdftex.def
File: l3backend-pdftex.def 2024-01-04 L3 backend support: PDF output (pdfTeX)
\l__color_backend_stack_int=\count286
\l__pdf_internal_box=\box57
))
Package: xparse 2023-10-10 L3 Experimental document command parser
)
(/usr/share/texlive/texmf-dist/tex/latex/tools/xr.sty
Package: xr 2023-07-04 v5.06 eXternal References (DPC)
)
(/usr/share/texlive/texmf-dist/tex/latex/commath/commath.sty
(/usr/share/texlive/texmf-dist/tex/latex/base/ifthen.sty
Package: ifthen 2022/04/13 v1.1d Standard LaTeX ifthen package (DPC)
))
(/usr/share/texlive/texmf-dist/tex/latex/graphics/graphicx.sty
Package: graphicx 2021/09/16 v1.2d Enhanced LaTeX Graphics (DPC,SPQR)
\Gin@req@height=\dimen171
\Gin@req@width=\dimen172
)
(/usr/share/texlive/texmf-dist/tex/latex/booktabs/booktabs.sty
Package: booktabs 2020/01/12 v1.61803398 Publication quality tables
\heavyrulewidth=\dimen173
\lightrulewidth=\dimen174
\cmidrulewidth=\dimen175
\belowrulesep=\dimen176
\belowbottomsep=\dimen177
\aboverulesep=\dimen178
\abovetopsep=\dimen179
\cmidrulesep=\dimen180
\cmidrulekern=\dimen181
\defaultaddspace=\dimen182
\@cmidla=\count287
\@cmidlb=\count288
\@aboverulesep=\dimen183
\@belowrulesep=\dimen184
\@thisruleclass=\count289
\@lastruleclass=\count290
\@thisrulewidth=\dimen185
)
(/usr/share/texlive/texmf-dist/tex/latex/titlesec/titlesec.sty
Package: titlesec 2023/10/27 v2.16 Sectioning titles
\ttl@box=\box58
\beforetitleunit=\skip88
\aftertitleunit=\skip89
\ttl@plus=\dimen186
\ttl@minus=\dimen187
\ttl@toksa=\toks33
\titlewidth=\dimen188
\titlewidthlast=\dimen189
\titlewidthfirst=\dimen190
)
(/usr/share/texlive/texmf-dist/tex/latex/setspace/setspace.sty
Package: setspace 2022/12/04 v6.7b set line spacing
)
(/usr/share/texlive/texmf-dist/tex/latex/pdflscape/pdflscape.sty
Package: pdflscape 2022-10-27 v0.13 Display of landscape pages in PDF

(/usr/share/texlive/texmf-dist/tex/latex/pdflscape/pdflscape-nometadata.sty
Package: pdflscape-nometadata 2022-10-28 v0.13 Display of landscape pages in PD
F (HO)
Package pdflscape Info: Auto-detected driver: pdftex on input line 81.
))
(/usr/share/texlive/texmf-dist/tex/latex/bibunits/bibunits.sty
Package: bibunits 2004/05/12 v2.4 Multiple bibliographies in one document.
\@bibunitaux=\write3
\@bibunitauxcnt=\count291
)
(/usr/share/texlive/texmf-dist/tex/latex/tocbibind/tocbibind.sty
Package: tocbibind 2010/10/13 v1.5k extra ToC listings
Package tocbibind Info: The document has section divisions on input line 50.


Package tocbibind Note: Using section or other style headings.

)
\gdef\bu@bibdata{bibliography.bib}
\gdef\bu@bibstyle{ecta}
(/usr/share/texlive/texmf-dist/tex/latex/tools/verbatim.sty
Package: verbatim 2023-11-06 v1.5v LaTeX2e package for verbatim enhancements
\every@verbatim=\toks34
\verbatim@line=\toks35
\verbatim@in@stream=\read2
)
(/usr/share/texlive/texmf-dist/tex/latex/subfigure/subfigure.sty
Package: subfigure 2002/03/15 v2.1.5 subfigure package
\subfigtopskip=\skip90
\subfigcapskip=\skip91
\subfigcaptopadj=\dimen191
\subfigbottomskip=\skip92
\subfigcapmargin=\dimen192
\subfiglabelskip=\skip93
\c@subfigure=\count292
\c@lofdepth=\count293
\c@subtable=\count294
\c@lotdepth=\count295

****************************************
* Local config file subfigure.cfg used *
****************************************
(/usr/share/texlive/texmf-dist/tex/latex/subfigure/subfigure.cfg)
\subfig@top=\skip94
\subfig@bottom=\skip95
)
(/usr/share/texlive/texmf-dist/tex/generic/soul/soul.sty
Package: soul 2023-06-14 v3.1 Permit use of UTF-8 characters in soul (HO)

(/usr/share/texlive/texmf-dist/tex/generic/soul/soul-ori.sty
Package: soul-ori 2023-06-14 v3.1 letterspacing/underlining (mf)
\SOUL@word=\toks36
\SOUL@lasttoken=\toks37
\SOUL@syllable=\toks38
\SOUL@cmds=\toks39
\SOUL@buffer=\toks40
\SOUL@token=\toks41
\SOUL@syllgoal=\dimen193
\SOUL@syllwidth=\dimen194
\SOUL@charkern=\dimen195
\SOUL@hyphkern=\dimen196
\SOUL@dimen=\dimen197
\SOUL@dimeni=\dimen198
\SOUL@minus=\count296
\SOUL@comma=\count297
\SOUL@apo=\count298
\SOUL@grave=\count299
\SOUL@spaceskip=\skip96
\SOUL@ttwidth=\dimen256
\SOUL@uldp=\dimen257
\SOUL@ulht=\dimen258
)
(/usr/share/texlive/texmf-dist/tex/generic/infwarerr/infwarerr.sty
Package: infwarerr 2019/12/03 v1.5 Providing info/warning/error messages (HO)
)
(/usr/share/texlive/texmf-dist/tex/generic/etexcmds/etexcmds.sty
Package: etexcmds 2019/12/15 v1.7 Avoid name clashes with e-TeX commands (HO)
))
(/usr/share/texlive/texmf-dist/tex/latex/xcolor/xcolor.sty
Package: xcolor 2023/11/15 v3.01 LaTeX color extensions (UK)

(/usr/share/texlive/texmf-dist/tex/latex/graphics-cfg/color.cfg
File: color.cfg 2016/01/02 v1.6 sample color configuration
)
Package xcolor Info: Driver file: pdftex.def on input line 274.

(/usr/share/texlive/texmf-dist/tex/latex/graphics/mathcolor.ltx)
Package xcolor Info: Model `cmy' substituted by `cmy0' on input line 1350.
Package xcolor Info: Model `hsb' substituted by `rgb' on input line 1354.
Package xcolor Info: Model `RGB' extended on input line 1366.
Package xcolor Info: Model `HTML' substituted by `rgb' on input line 1368.
Package xcolor Info: Model `Hsb' substituted by `hsb' on input line 1369.
Package xcolor Info: Model `tHsb' substituted by `hsb' on input line 1370.
Package xcolor Info: Model `HSB' substituted by `hsb' on input line 1371.
Package xcolor Info: Model `Gray' substituted by `gray' on input line 1372.
Package xcolor Info: Model `wave' substituted by `hsb' on input line 1373.
)
(/usr/share/texlive/texmf-dist/tex/latex/changes/changes.sty
Package: changes 2021/07/15 v4.2.1 changes package

*** changes package 2021/07/15 v4.2.1 ***
(/usr/share/texlive/texmf-dist/tex/latex/xkeyval/xkeyval.sty
Package: xkeyval 2022/06/16 v2.9 package option processing (HA)

(/usr/share/texlive/texmf-dist/tex/generic/xkeyval/xkeyval.tex
(/usr/share/texlive/texmf-dist/tex/generic/xkeyval/xkvutils.tex
\XKV@toks=\toks42
\XKV@tempa@toks=\toks43
)
\XKV@depth=\count300
File: xkeyval.tex 2014/12/03 v2.7a key=value parser (HA)
))
(/usr/share/texlive/texmf-dist/tex/latex/etoolbox/etoolbox.sty
Package: etoolbox 2020/10/05 v2.5k e-TeX tools for LaTeX (JAW)
\etb@tempcnta=\count301
)
(/usr/share/texlive/texmf-dist/tex/generic/xstring/xstring.sty
(/usr/share/texlive/texmf-dist/tex/generic/xstring/xstring.tex
\xs_counta=\count302
\xs_countb=\count303
)
Package: xstring 2023/08/22 v1.86 String manipulations (CT)
)
ulem-option 'normalem,normalbf', passed to package ulem
truncate-option 'breakall,fit', passed to package truncate
changes-option 'addedmarkup=colored'
changes-option 'deletedmarkup=sout'
changes-option 'commandnameprefix=ifneeded'
(/usr/share/texlive/texmf-dist/tex/generic/ulem/ulem.sty
\UL@box=\box59
\UL@hyphenbox=\box60
\UL@skip=\skip97
\UL@hook=\toks44
\UL@height=\dimen259
\UL@pe=\count304
\UL@pixel=\dimen260
\ULC@box=\box61
Package: ulem 2019/11/18
\ULdepth=\dimen261
)
(/usr/share/texlive/texmf-dist/tex/latex/todonotes/todonotes.sty
Package: todonotes 2024/01/05 v1.1.7 Todonotes source and documentation.
Package: todonotes 2024/01/05

(/usr/share/texlive/texmf-dist/tex/latex/pgf/frontendlayer/tikz.sty
(/usr/share/texlive/texmf-dist/tex/latex/pgf/basiclayer/pgf.sty
(/usr/share/texlive/texmf-dist/tex/latex/pgf/utilities/pgfrcs.sty
(/usr/share/texlive/texmf-dist/tex/generic/pgf/utilities/pgfutil-common.tex
\pgfutil@everybye=\toks45
\pgfutil@tempdima=\dimen262
\pgfutil@tempdimb=\dimen263
)
(/usr/share/texlive/texmf-dist/tex/generic/pgf/utilities/pgfutil-latex.def
\pgfutil@abb=\box62
)
(/usr/share/texlive/texmf-dist/tex/generic/pgf/utilities/pgfrcs.code.tex
(/usr/share/texlive/texmf-dist/tex/generic/pgf/pgf.revision.tex)
Package: pgfrcs 2023-01-15 v3.1.10 (3.1.10)
))
Package: pgf 2023-01-15 v3.1.10 (3.1.10)

(/usr/share/texlive/texmf-dist/tex/latex/pgf/basiclayer/pgfcore.sty
(/usr/share/texlive/texmf-dist/tex/latex/pgf/systemlayer/pgfsys.sty
(/usr/share/texlive/texmf-dist/tex/generic/pgf/systemlayer/pgfsys.code.tex
Package: pgfsys 2023-01-15 v3.1.10 (3.1.10)

(/usr/share/texlive/texmf-dist/tex/generic/pgf/utilities/pgfkeys.code.tex
\pgfkeys@pathtoks=\toks46
\pgfkeys@temptoks=\toks47

(/usr/share/texlive/texmf-dist/tex/generic/pgf/utilities/pgfkeyslibraryfiltered
.code.tex
\pgfkeys@tmptoks=\toks48
))
\pgf@x=\dimen264
\pgf@y=\dimen265
\pgf@xa=\dimen266
\pgf@ya=\dimen267
\pgf@xb=\dimen268
\pgf@yb=\dimen269
\pgf@xc=\dimen270
\pgf@yc=\dimen271
\pgf@xd=\dimen272
\pgf@yd=\dimen273
\w@pgf@writea=\write4
\r@pgf@reada=\read3
\c@pgf@counta=\count305
\c@pgf@countb=\count306
\c@pgf@countc=\count307
\c@pgf@countd=\count308
\t@pgf@toka=\toks49
\t@pgf@tokb=\toks50
\t@pgf@tokc=\toks51
\pgf@sys@id@count=\count309
 (/usr/share/texlive/texmf-dist/tex/generic/pgf/systemlayer/pgf.cfg
File: pgf.cfg 2023-01-15 v3.1.10 (3.1.10)
)
Driver file for pgf: pgfsys-pdftex.def
(/usr/share/texlive/texmf-dist/tex/generic/pgf/systemlayer/pgfsys-pdftex.def
File: pgfsys-pdftex.def 2023-01-15 v3.1.10 (3.1.10)

(/usr/share/texlive/texmf-dist/tex/generic/pgf/systemlayer/pgfsys-common-pdf.de
f
File: pgfsys-common-pdf.def 2023-01-15 v3.1.10 (3.1.10)
)))
(/usr/share/texlive/texmf-dist/tex/generic/pgf/systemlayer/pgfsyssoftpath.code.
tex
File: pgfsyssoftpath.code.tex 2023-01-15 v3.1.10 (3.1.10)
\pgfsyssoftpath@smallbuffer@items=\count310
\pgfsyssoftpath@bigbuffer@items=\count311
)
(/usr/share/texlive/texmf-dist/tex/generic/pgf/systemlayer/pgfsysprotocol.code.
tex
File: pgfsysprotocol.code.tex 2023-01-15 v3.1.10 (3.1.10)
))
(/usr/share/texlive/texmf-dist/tex/generic/pgf/basiclayer/pgfcore.code.tex
Package: pgfcore 2023-01-15 v3.1.10 (3.1.10)

(/usr/share/texlive/texmf-dist/tex/generic/pgf/math/pgfmath.code.tex
(/usr/share/texlive/texmf-dist/tex/generic/pgf/math/pgfmathutil.code.tex)
(/usr/share/texlive/texmf-dist/tex/generic/pgf/math/pgfmathparser.code.tex
\pgfmath@dimen=\dimen274
\pgfmath@count=\count312
\pgfmath@box=\box63
\pgfmath@toks=\toks52
\pgfmath@stack@operand=\toks53
\pgfmath@stack@operation=\toks54
)
(/usr/share/texlive/texmf-dist/tex/generic/pgf/math/pgfmathfunctions.code.tex)
(/usr/share/texlive/texmf-dist/tex/generic/pgf/math/pgfmathfunctions.basic.code
.tex)
(/usr/share/texlive/texmf-dist/tex/generic/pgf/math/pgfmathfunctions.trigonomet
ric.code.tex)
(/usr/share/texlive/texmf-dist/tex/generic/pgf/math/pgfmathfunctions.random.cod
e.tex)
(/usr/share/texlive/texmf-dist/tex/generic/pgf/math/pgfmathfunctions.comparison
.code.tex)
(/usr/share/texlive/texmf-dist/tex/generic/pgf/math/pgfmathfunctions.base.code.
tex)
(/usr/share/texlive/texmf-dist/tex/generic/pgf/math/pgfmathfunctions.round.code
.tex)
(/usr/share/texlive/texmf-dist/tex/generic/pgf/math/pgfmathfunctions.misc.code.
tex)
(/usr/share/texlive/texmf-dist/tex/generic/pgf/math/pgfmathfunctions.integerari
thmetics.code.tex)
(/usr/share/texlive/texmf-dist/tex/generic/pgf/math/pgfmathcalc.code.tex)
(/usr/share/texlive/texmf-dist/tex/generic/pgf/math/pgfmathfloat.code.tex
\c@pgfmathroundto@lastzeros=\count313
))
(/usr/share/texlive/texmf-dist/tex/generic/pgf/math/pgfint.code.tex)
(/usr/share/texlive/texmf-dist/tex/generic/pgf/basiclayer/pgfcorepoints.code.te
x
File: pgfcorepoints.code.tex 2023-01-15 v3.1.10 (3.1.10)
\pgf@picminx=\dimen275
\pgf@picmaxx=\dimen276
\pgf@picminy=\dimen277
\pgf@picmaxy=\dimen278
\pgf@pathminx=\dimen279
\pgf@pathmaxx=\dimen280
\pgf@pathminy=\dimen281
\pgf@pathmaxy=\dimen282
\pgf@xx=\dimen283
\pgf@xy=\dimen284
\pgf@yx=\dimen285
\pgf@yy=\dimen286
\pgf@zx=\dimen287
\pgf@zy=\dimen288
)
(/usr/share/texlive/texmf-dist/tex/generic/pgf/basiclayer/pgfcorepathconstruct.
code.tex
File: pgfcorepathconstruct.code.tex 2023-01-15 v3.1.10 (3.1.10)
\pgf@path@lastx=\dimen289
\pgf@path@lasty=\dimen290
)
(/usr/share/texlive/texmf-dist/tex/generic/pgf/basiclayer/pgfcorepathusage.code
.tex
File: pgfcorepathusage.code.tex 2023-01-15 v3.1.10 (3.1.10)
\pgf@shorten@end@additional=\dimen291
\pgf@shorten@start@additional=\dimen292
)
(/usr/share/texlive/texmf-dist/tex/generic/pgf/basiclayer/pgfcorescopes.code.te
x
File: pgfcorescopes.code.tex 2023-01-15 v3.1.10 (3.1.10)
\pgfpic=\box64
\pgf@hbox=\box65
\pgf@layerbox@main=\box66
\pgf@picture@serial@count=\count314
)
(/usr/share/texlive/texmf-dist/tex/generic/pgf/basiclayer/pgfcoregraphicstate.c
ode.tex
File: pgfcoregraphicstate.code.tex 2023-01-15 v3.1.10 (3.1.10)
\pgflinewidth=\dimen293
)
(/usr/share/texlive/texmf-dist/tex/generic/pgf/basiclayer/pgfcoretransformation
s.code.tex
File: pgfcoretransformations.code.tex 2023-01-15 v3.1.10 (3.1.10)
\pgf@pt@x=\dimen294
\pgf@pt@y=\dimen295
\pgf@pt@temp=\dimen296
)
(/usr/share/texlive/texmf-dist/tex/generic/pgf/basiclayer/pgfcorequick.code.tex
File: pgfcorequick.code.tex 2023-01-15 v3.1.10 (3.1.10)
)
(/usr/share/texlive/texmf-dist/tex/generic/pgf/basiclayer/pgfcoreobjects.code.t
ex
File: pgfcoreobjects.code.tex 2023-01-15 v3.1.10 (3.1.10)
)
(/usr/share/texlive/texmf-dist/tex/generic/pgf/basiclayer/pgfcorepathprocessing
.code.tex
File: pgfcorepathprocessing.code.tex 2023-01-15 v3.1.10 (3.1.10)
)
(/usr/share/texlive/texmf-dist/tex/generic/pgf/basiclayer/pgfcorearrows.code.te
x
File: pgfcorearrows.code.tex 2023-01-15 v3.1.10 (3.1.10)
\pgfarrowsep=\dimen297
)
(/usr/share/texlive/texmf-dist/tex/generic/pgf/basiclayer/pgfcoreshade.code.tex
File: pgfcoreshade.code.tex 2023-01-15 v3.1.10 (3.1.10)
\pgf@max=\dimen298
\pgf@sys@shading@range@num=\count315
\pgf@shadingcount=\count316
)
(/usr/share/texlive/texmf-dist/tex/generic/pgf/basiclayer/pgfcoreimage.code.tex
File: pgfcoreimage.code.tex 2023-01-15 v3.1.10 (3.1.10)
)
(/usr/share/texlive/texmf-dist/tex/generic/pgf/basiclayer/pgfcoreexternal.code.
tex
File: pgfcoreexternal.code.tex 2023-01-15 v3.1.10 (3.1.10)
\pgfexternal@startupbox=\box67
)
(/usr/share/texlive/texmf-dist/tex/generic/pgf/basiclayer/pgfcorelayers.code.te
x
File: pgfcorelayers.code.tex 2023-01-15 v3.1.10 (3.1.10)
)
(/usr/share/texlive/texmf-dist/tex/generic/pgf/basiclayer/pgfcoretransparency.c
ode.tex
File: pgfcoretransparency.code.tex 2023-01-15 v3.1.10 (3.1.10)
)
(/usr/share/texlive/texmf-dist/tex/generic/pgf/basiclayer/pgfcorepatterns.code.
tex
File: pgfcorepatterns.code.tex 2023-01-15 v3.1.10 (3.1.10)
)
(/usr/share/texlive/texmf-dist/tex/generic/pgf/basiclayer/pgfcorerdf.code.tex
File: pgfcorerdf.code.tex 2023-01-15 v3.1.10 (3.1.10)
)))
(/usr/share/texlive/texmf-dist/tex/generic/pgf/modules/pgfmoduleshapes.code.tex
File: pgfmoduleshapes.code.tex 2023-01-15 v3.1.10 (3.1.10)
\pgfnodeparttextbox=\box68
) (/usr/share/texlive/texmf-dist/tex/generic/pgf/modules/pgfmoduleplot.code.tex
File: pgfmoduleplot.code.tex 2023-01-15 v3.1.10 (3.1.10)
)
(/usr/share/texlive/texmf-dist/tex/latex/pgf/compatibility/pgfcomp-version-0-65
.sty
Package: pgfcomp-version-0-65 2023-01-15 v3.1.10 (3.1.10)
\pgf@nodesepstart=\dimen299
\pgf@nodesepend=\dimen300
)
(/usr/share/texlive/texmf-dist/tex/latex/pgf/compatibility/pgfcomp-version-1-18
.sty
Package: pgfcomp-version-1-18 2023-01-15 v3.1.10 (3.1.10)
)) (/usr/share/texlive/texmf-dist/tex/latex/pgf/utilities/pgffor.sty
(/usr/share/texlive/texmf-dist/tex/latex/pgf/utilities/pgfkeys.sty
(/usr/share/texlive/texmf-dist/tex/generic/pgf/utilities/pgfkeys.code.tex))
(/usr/share/texlive/texmf-dist/tex/latex/pgf/math/pgfmath.sty
(/usr/share/texlive/texmf-dist/tex/generic/pgf/math/pgfmath.code.tex))
(/usr/share/texlive/texmf-dist/tex/generic/pgf/utilities/pgffor.code.tex
Package: pgffor 2023-01-15 v3.1.10 (3.1.10)
\pgffor@iter=\dimen301
\pgffor@skip=\dimen302
\pgffor@stack=\toks55
\pgffor@toks=\toks56
))
(/usr/share/texlive/texmf-dist/tex/generic/pgf/frontendlayer/tikz/tikz.code.tex
Package: tikz 2023-01-15 v3.1.10 (3.1.10)

(/usr/share/texlive/texmf-dist/tex/generic/pgf/libraries/pgflibraryplothandlers
.code.tex
File: pgflibraryplothandlers.code.tex 2023-01-15 v3.1.10 (3.1.10)
\pgf@plot@mark@count=\count317
\pgfplotmarksize=\dimen303
)
\tikz@lastx=\dimen304
\tikz@lasty=\dimen305
\tikz@lastxsaved=\dimen306
\tikz@lastysaved=\dimen307
\tikz@lastmovetox=\dimen308
\tikz@lastmovetoy=\dimen309
\tikzleveldistance=\dimen310
\tikzsiblingdistance=\dimen311
\tikz@figbox=\box69
\tikz@figbox@bg=\box70
\tikz@tempbox=\box71
\tikz@tempbox@bg=\box72
\tikztreelevel=\count318
\tikznumberofchildren=\count319
\tikznumberofcurrentchild=\count320
\tikz@fig@count=\count321

(/usr/share/texlive/texmf-dist/tex/generic/pgf/modules/pgfmodulematrix.code.tex
File: pgfmodulematrix.code.tex 2023-01-15 v3.1.10 (3.1.10)
\pgfmatrixcurrentrow=\count322
\pgfmatrixcurrentcolumn=\count323
\pgf@matrix@numberofcolumns=\count324
)
\tikz@expandcount=\count325

(/usr/share/texlive/texmf-dist/tex/generic/pgf/frontendlayer/tikz/libraries/tik
zlibrarytopaths.code.tex
File: tikzlibrarytopaths.code.tex 2023-01-15 v3.1.10 (3.1.10)
)))
(/usr/share/texlive/texmf-dist/tex/generic/pgf/frontendlayer/tikz/libraries/tik
zlibrarypositioning.code.tex
File: tikzlibrarypositioning.code.tex 2023-01-15 v3.1.10 (3.1.10)
)
(/usr/share/texlive/texmf-dist/tex/latex/tools/calc.sty
Package: calc 2023/07/08 v4.3 Infix arithmetic (KKT,FJ)
\calc@Acount=\count326
\calc@Bcount=\count327
\calc@Adimen=\dimen312
\calc@Bdimen=\dimen313
\calc@Askip=\skip98
\calc@Bskip=\skip99
LaTeX Info: Redefining \setlength on input line 80.
LaTeX Info: Redefining \addtolength on input line 81.
\calc@Ccount=\count328
\calc@Cskip=\skip100
)
\c@@todonotes@numberoftodonotes=\count329
)
\c@Changes@AuthorCount=\count330
\c@Changes@Author=\count331
\c@Changes@addedCount=\count332
\c@Changes@deletedCount=\count333
\c@Changes@replacedCount=\count334
\c@Changes@highlightCount=\count335
\c@Changes@commentCount=\count336
\c@authorcommentcount=\count337


Package changes Warning: Command comment is already defined, using chcomment on
 input line 783.

(/usr/share/texlive/texmf-dist/tex/latex/truncate/truncate.sty
Package: truncate 2001/08/20  ver 3.6
\@Trunc@RestHyph=\toks57
)
\Changestruncatewidth=\skip101
\Changes@summary@width=\skip102
)
(/usr/share/texlive/texmf-dist/tex/generic/pgf/frontendlayer/tikz/libraries/dat
avisualization/tikzlibrarydatavisualization.code.tex
File: tikzlibrarydatavisualization.code.tex 2023-01-15 v3.1.10 (3.1.10)

(/usr/share/texlive/texmf-dist/tex/generic/pgf/modules/pgfmoduledatavisualizati
on.code.tex
File: pgfmoduledatavisualization.code.tex 2023-01-15 v3.1.10 (3.1.10)

(/usr/share/texlive/texmf-dist/tex/generic/pgf/modules/pgfmoduleoo.code.tex
\pgfoo@objectcount=\count338
\pgfoothis@count=\count339
\pgfoo@toks=\toks58
)
(/usr/share/texlive/texmf-dist/tex/generic/pgf/libraries/pgflibraryfpu.code.tex
)
\pgf@lib@dv@cache@count=\count340
\pgf@lib@dv@cache@count=\count341
)
(/usr/share/texlive/texmf-dist/tex/generic/pgf/frontendlayer/tikz/libraries/tik
zlibrarybackgrounds.code.tex
File: tikzlibrarybackgrounds.code.tex 2023-01-15 v3.1.10 (3.1.10)
\pgf@layerbox@background=\box73
\pgf@layerboxsaved@background=\box74
)
\tikzdvvisualizercounter=\count342
)
(/usr/share/texlive/texmf-dist/tex/generic/pgf/frontendlayer/tikz/libraries/dat
avisualization/tikzlibrarydatavisualization.formats.functions.code.tex
File: tikzlibrarydatavisualization.formats.functions.code.tex 2023-01-15 v3.1.1
0 (3.1.10)

(/usr/share/texlive/texmf-dist/tex/generic/pgf/libraries/datavisualization/pgfl
ibrarydatavisualization.formats.functions.code.tex
File: pgflibrarydatavisualization.formats.functions.code.tex 2023-01-15 v3.1.10
 (3.1.10)
))
(/usr/share/texlive/texmf-dist/tex/generic/pgf/frontendlayer/tikz/libraries/tik
zlibrarydecorations.pathreplacing.code.tex
(/usr/share/texlive/texmf-dist/tex/generic/pgf/frontendlayer/tikz/libraries/tik
zlibrarydecorations.code.tex
(/usr/share/texlive/texmf-dist/tex/generic/pgf/modules/pgfmoduledecorations.cod
e.tex
\pgfdecoratedcompleteddistance=\dimen314
\pgfdecoratedremainingdistance=\dimen315
\pgfdecoratedinputsegmentcompleteddistance=\dimen316
\pgfdecoratedinputsegmentremainingdistance=\dimen317
\pgf@decorate@distancetomove=\dimen318
\pgf@decorate@repeatstate=\count343
\pgfdecorationsegmentamplitude=\dimen319
\pgfdecorationsegmentlength=\dimen320
)
\tikz@lib@dec@box=\box75
)
(/usr/share/texlive/texmf-dist/tex/generic/pgf/libraries/decorations/pgflibrary
decorations.pathreplacing.code.tex))
(/usr/share/texlive/texmf-dist/tex/latex/colortbl/colortbl.sty
Package: colortbl 2022/06/20 v1.0f Color table columns (DPC)

(/usr/share/texlive/texmf-dist/tex/latex/tools/array.sty
Package: array 2023/10/16 v2.5g Tabular extension package (FMi)
\col@sep=\dimen321
\ar@mcellbox=\box76
\extrarowheight=\dimen322
\NC@list=\toks59
\extratabsurround=\skip103
\backup@length=\skip104
\ar@cellbox=\box77
)
\everycr=\toks60
\minrowclearance=\skip105
\rownum=\count344
)
(/usr/share/texlive/texmf-dist/tex/latex/caption/caption.sty
Package: caption 2023/08/05 v3.6o Customizing captions (AR)
\c@caption@flags=\count345
\c@continuedfloat=\count346
Package caption Info: float package is loaded.
Package caption Info: floatrow package is loaded.
Package caption Info: floatrow package is loaded.
Package caption Info: subfigure package is loaded.
Package caption Info: threeparttable package is loaded.
)
(/usr/share/texlive/texmf-dist/tex/latex/tools/enumerate.sty
Package: enumerate 2023/07/04 v3.00 enumerate extensions (DPC)
\@enLab=\toks61
)
(/usr/share/texlive/texmf-dist/tex/latex/hyperref/hyperref.sty
Package: hyperref 2024-01-20 v7.01h Hypertext links for LaTeX

(/usr/share/texlive/texmf-dist/tex/latex/kvsetkeys/kvsetkeys.sty
Package: kvsetkeys 2022-10-05 v1.19 Key value parser (HO)
)
(/usr/share/texlive/texmf-dist/tex/generic/kvdefinekeys/kvdefinekeys.sty
Package: kvdefinekeys 2019-12-19 v1.6 Define keys (HO)
)
(/usr/share/texlive/texmf-dist/tex/generic/pdfescape/pdfescape.sty
Package: pdfescape 2019/12/09 v1.15 Implements pdfTeX's escape features (HO)

(/usr/share/texlive/texmf-dist/tex/generic/ltxcmds/ltxcmds.sty
Package: ltxcmds 2023-12-04 v1.26 LaTeX kernel commands for general use (HO)
)
(/usr/share/texlive/texmf-dist/tex/generic/pdftexcmds/pdftexcmds.sty
Package: pdftexcmds 2020-06-27 v0.33 Utility functions of pdfTeX for LuaTeX (HO
)
Package pdftexcmds Info: \pdf@primitive is available.
Package pdftexcmds Info: \pdf@ifprimitive is available.
Package pdftexcmds Info: \pdfdraftmode found.
))
(/usr/share/texlive/texmf-dist/tex/latex/hycolor/hycolor.sty
Package: hycolor 2020-01-27 v1.10 Color options for hyperref/bookmark (HO)
)
(/usr/share/texlive/texmf-dist/tex/latex/auxhook/auxhook.sty
Package: auxhook 2019-12-17 v1.6 Hooks for auxiliary files (HO)
)
(/usr/share/texlive/texmf-dist/tex/latex/hyperref/nameref.sty
Package: nameref 2023-11-26 v2.56 Cross-referencing by name of section

(/usr/share/texlive/texmf-dist/tex/latex/refcount/refcount.sty
Package: refcount 2019/12/15 v3.6 Data extraction from label references (HO)
)
(/usr/share/texlive/texmf-dist/tex/generic/gettitlestring/gettitlestring.sty
Package: gettitlestring 2019/12/15 v1.6 Cleanup title references (HO)

(/usr/share/texlive/texmf-dist/tex/latex/kvoptions/kvoptions.sty
Package: kvoptions 2022-06-15 v3.15 Key value format for package options (HO)
))
\c@section@level=\count347
)
\@linkdim=\dimen323
\Hy@linkcounter=\count348
\Hy@pagecounter=\count349

(/usr/share/texlive/texmf-dist/tex/latex/hyperref/pd1enc.def
File: pd1enc.def 2024-01-20 v7.01h Hyperref: PDFDocEncoding definition (HO)
Now handling font encoding PD1 ...
... no UTF-8 mapping file for font encoding PD1
)
(/usr/share/texlive/texmf-dist/tex/generic/intcalc/intcalc.sty
Package: intcalc 2019/12/15 v1.3 Expandable calculations with integers (HO)
)
\Hy@SavedSpaceFactor=\count350

(/usr/share/texlive/texmf-dist/tex/latex/hyperref/puenc.def
File: puenc.def 2024-01-20 v7.01h Hyperref: PDF Unicode definition (HO)
Now handling font encoding PU ...
... no UTF-8 mapping file for font encoding PU
)
Package hyperref Info: Option `bookmarks' set `true' on input line 4062.
Package hyperref Info: Option `colorlinks' set `true' on input line 4062.
Package hyperref Info: Hyper figures OFF on input line 4179.
Package hyperref Info: Link nesting OFF on input line 4184.
Package hyperref Info: Hyper index ON on input line 4187.
Package hyperref Info: Plain pages OFF on input line 4194.
Package hyperref Info: Backreferencing OFF on input line 4199.
Package hyperref Info: Implicit mode ON; LaTeX internals redefined.
Package hyperref Info: Bookmarks ON on input line 4446.
\c@Hy@tempcnt=\count351

(/usr/share/texlive/texmf-dist/tex/latex/url/url.sty
\Urlmuskip=\muskip17
Package: url 2013/09/16  ver 3.4  Verb mode for urls, etc.
)
LaTeX Info: Redefining \url on input line 4784.
\XeTeXLinkMargin=\dimen324

(/usr/share/texlive/texmf-dist/tex/generic/bitset/bitset.sty
Package: bitset 2019/12/09 v1.3 Handle bit-vector datatype (HO)

(/usr/share/texlive/texmf-dist/tex/generic/bigintcalc/bigintcalc.sty
Package: bigintcalc 2019/12/15 v1.5 Expandable calculations on big integers (HO
)
))
\Fld@menulength=\count352
\Field@Width=\dimen325
\Fld@charsize=\dimen326
Package hyperref Info: Hyper figures OFF on input line 6063.
Package hyperref Info: Link nesting OFF on input line 6068.
Package hyperref Info: Hyper index ON on input line 6071.
Package hyperref Info: backreferencing OFF on input line 6078.
Package hyperref Info: Link coloring ON on input line 6081.
Package hyperref Info: Link coloring with OCG OFF on input line 6088.
Package hyperref Info: PDF/A mode OFF on input line 6093.

(/usr/share/texlive/texmf-dist/tex/latex/base/atbegshi-ltx.sty
Package: atbegshi-ltx 2021/01/10 v1.0c Emulation of the original atbegshi
package with kernel methods
)
\Hy@abspage=\count353
\c@Item=\count354
\c@Hfootnote=\count355
)
Package hyperref Info: Driver (autodetected): hpdftex.

(/usr/share/texlive/texmf-dist/tex/latex/hyperref/hpdftex.def
File: hpdftex.def 2024-01-20 v7.01h Hyperref driver for pdfTeX

(/usr/share/texlive/texmf-dist/tex/latex/base/atveryend-ltx.sty
Package: atveryend-ltx 2020/08/19 v1.0a Emulation of the original atveryend pac
kage
with kernel methods
)
\Fld@listcount=\count356
\c@bookmark@seq@number=\count357

(/usr/share/texlive/texmf-dist/tex/latex/rerunfilecheck/rerunfilecheck.sty
Package: rerunfilecheck 2022-07-10 v1.10 Rerun checks for auxiliary files (HO)

(/usr/share/texlive/texmf-dist/tex/generic/uniquecounter/uniquecounter.sty
Package: uniquecounter 2019/12/15 v1.4 Provide unlimited unique counter (HO)
)
Package uniquecounter Info: New unique counter `rerunfilecheck' on input line 2
85.
)
\Hy@SectionHShift=\skip106
)
(/usr/share/texlive/texmf-dist/tex/latex/txfonts/txfonts.sty
Package: txfonts 2008/01/22 v3.2.1
LaTeX Font Info:    Redeclaring symbol font `operators' on input line 21.
LaTeX Font Info:    Overwriting symbol font `operators' in version `normal'
(Font)                  OT1/cmr/m/n --> OT1/txr/m/n on input line 21.
LaTeX Font Info:    Overwriting symbol font `operators' in version `bold'
(Font)                  OT1/cmr/bx/n --> OT1/txr/m/n on input line 21.
LaTeX Font Info:    Overwriting symbol font `operators' in version `bold'
(Font)                  OT1/txr/m/n --> OT1/txr/bx/n on input line 22.
\symitalic=\mathgroup7
LaTeX Font Info:    Overwriting symbol font `italic' in version `bold'
(Font)                  OT1/txr/m/it --> OT1/txr/bx/it on input line 26.
LaTeX Font Info:    Redeclaring math alphabet \mathbf on input line 29.
LaTeX Font Info:    Overwriting math alphabet `\mathbf' in version `normal'
(Font)                  OT1/cmr/bx/n --> OT1/txr/bx/n on input line 29.
LaTeX Font Info:    Overwriting math alphabet `\mathbf' in version `bold'
(Font)                  OT1/cmr/bx/n --> OT1/txr/bx/n on input line 29.
LaTeX Font Info:    Redeclaring math alphabet \mathit on input line 30.
LaTeX Font Info:    Overwriting math alphabet `\mathit' in version `normal'
(Font)                  OT1/cmr/m/it --> OT1/txr/m/it on input line 30.
LaTeX Font Info:    Overwriting math alphabet `\mathit' in version `bold'
(Font)                  OT1/cmr/bx/it --> OT1/txr/m/it on input line 30.
LaTeX Font Info:    Overwriting math alphabet `\mathit' in version `bold'
(Font)                  OT1/txr/m/it --> OT1/txr/bx/it on input line 31.
LaTeX Font Info:    Redeclaring math alphabet \mathsf on input line 40.
LaTeX Font Info:    Overwriting math alphabet `\mathsf' in version `normal'
(Font)                  OT1/cmss/m/n --> OT1/txss/m/n on input line 40.
LaTeX Font Info:    Overwriting math alphabet `\mathsf' in version `bold'
(Font)                  OT1/cmss/bx/n --> OT1/txss/m/n on input line 40.
LaTeX Font Info:    Overwriting math alphabet `\mathsf' in version `bold'
(Font)                  OT1/txss/m/n --> OT1/txss/b/n on input line 41.
LaTeX Font Info:    Redeclaring math alphabet \mathtt on input line 50.
LaTeX Font Info:    Overwriting math alphabet `\mathtt' in version `normal'
(Font)                  OT1/cmtt/m/n --> OT1/txtt/m/n on input line 50.
LaTeX Font Info:    Overwriting math alphabet `\mathtt' in version `bold'
(Font)                  OT1/cmtt/m/n --> OT1/txtt/m/n on input line 50.
LaTeX Font Info:    Overwriting math alphabet `\mathtt' in version `bold'
(Font)                  OT1/txtt/m/n --> OT1/txtt/b/n on input line 51.
LaTeX Font Info:    Redeclaring symbol font `letters' on input line 58.
LaTeX Font Info:    Overwriting symbol font `letters' in version `normal'
(Font)                  OML/cmm/m/it --> OML/txmi/m/it on input line 58.
LaTeX Font Info:    Overwriting symbol font `letters' in version `bold'
(Font)                  OML/cmm/b/it --> OML/txmi/m/it on input line 58.
LaTeX Font Info:    Overwriting symbol font `letters' in version `bold'
(Font)                  OML/txmi/m/it --> OML/txmi/bx/it on input line 59.
\symlettersA=\mathgroup8
LaTeX Font Info:    Overwriting symbol font `lettersA' in version `bold'
(Font)                  U/txmia/m/it --> U/txmia/bx/it on input line 67.
LaTeX Font Info:    Redeclaring math alphabet \mathfrak on input line 70.
LaTeX Font Info:    Redeclaring symbol font `symbols' on input line 77.
LaTeX Font Info:    Overwriting symbol font `symbols' in version `normal'
(Font)                  OMS/cmsy/m/n --> OMS/txsy/m/n on input line 77.
LaTeX Font Info:    Overwriting symbol font `symbols' in version `bold'
(Font)                  OMS/cmsy/b/n --> OMS/txsy/m/n on input line 77.
LaTeX Font Info:    Overwriting symbol font `symbols' in version `bold'
(Font)                  OMS/txsy/m/n --> OMS/txsy/bx/n on input line 78.
LaTeX Font Info:    Redeclaring symbol font `AMSa' on input line 93.
LaTeX Font Info:    Overwriting symbol font `AMSa' in version `normal'
(Font)                  U/msa/m/n --> U/txsya/m/n on input line 93.
LaTeX Font Info:    Overwriting symbol font `AMSa' in version `bold'
(Font)                  U/msa/m/n --> U/txsya/m/n on input line 93.
LaTeX Font Info:    Overwriting symbol font `AMSa' in version `bold'
(Font)                  U/txsya/m/n --> U/txsya/bx/n on input line 94.
LaTeX Font Info:    Redeclaring symbol font `AMSb' on input line 102.
LaTeX Font Info:    Overwriting symbol font `AMSb' in version `normal'
(Font)                  U/msb/m/n --> U/txsyb/m/n on input line 102.
LaTeX Font Info:    Overwriting symbol font `AMSb' in version `bold'
(Font)                  U/msb/m/n --> U/txsyb/m/n on input line 102.
LaTeX Font Info:    Overwriting symbol font `AMSb' in version `bold'
(Font)                  U/txsyb/m/n --> U/txsyb/bx/n on input line 103.
\symsymbolsC=\mathgroup9
LaTeX Font Info:    Overwriting symbol font `symbolsC' in version `bold'
(Font)                  U/txsyc/m/n --> U/txsyc/bx/n on input line 113.
LaTeX Font Info:    Redeclaring symbol font `largesymbols' on input line 120.
LaTeX Font Info:    Overwriting symbol font `largesymbols' in version `normal'
(Font)                  OMX/cmex/m/n --> OMX/txex/m/n on input line 120.
LaTeX Font Info:    Overwriting symbol font `largesymbols' in version `bold'
(Font)                  OMX/cmex/m/n --> OMX/txex/m/n on input line 120.
LaTeX Font Info:    Overwriting symbol font `largesymbols' in version `bold'
(Font)                  OMX/txex/m/n --> OMX/txex/bx/n on input line 121.
\symlargesymbolsA=\mathgroup10
LaTeX Font Info:    Overwriting symbol font `largesymbolsA' in version `bold'
(Font)                  U/txexa/m/n --> U/txexa/bx/n on input line 129.
LaTeX Font Info:    Redeclaring math symbol \mathsterling on input line 164.
LaTeX Info: Redefining \not on input line 1043.
LaTeX Info: Redefining \textsquare on input line 1063.
LaTeX Info: Redefining \openbox on input line 1064.
)
(/usr/share/texlive/texmf-dist/tex/latex/footmisc/footmisc.sty
Package: footmisc 2023/07/05 v6.0f a miscellany of footnote facilities
\FN@temptoken=\toks62
\footnotemargin=\dimen327
\@outputbox@depth=\dimen328
Package footmisc Info: Declaring symbol style bringhurst on input line 696.
Package footmisc Info: Declaring symbol style chicago on input line 704.
Package footmisc Info: Declaring symbol style wiley on input line 713.
Package footmisc Info: Declaring symbol style lamport-robust on input line 724.

Package footmisc Info: Declaring symbol style lamport* on input line 744.
Package footmisc Info: Declaring symbol style lamport*-robust on input line 765
.
)
(/usr/share/texlive/texmf-dist/tex/latex/datetime/datetime.sty
Package: datetime 2015/03/20 v2.60 Date Time Package

(/usr/share/texlive/texmf-dist/tex/latex/fmtcount/fmtcount.sty
Package: fmtcount 2020/01/30 v3.07

(/usr/share/texlive/texmf-dist/tex/latex/fmtcount/fcprefix.sty
Package: fcprefix 2012/09/28

(/usr/share/texlive/texmf-dist/tex/latex/fmtcount/fcnumparser.sty
Package: fcnumparser 2017/06/15
\fc@digit@counter=\count358
))
\c@padzeroesN=\count359
\fc@tmpcatcode=\count360
\@DT@modctr=\count361
\@ordinalctr=\count362
\@orgargctr=\count363
\@strctr=\count364
\@tmpstrctr=\count365
\@DT@loopN=\count366
\@DT@X=\count367
)
(/usr/share/texlive/texmf-dist/tex/latex/datetime/datetime-defaults.sty
Package: datetime-defaults 2013/09/10
)
\@day=\count368
\@month=\count369
\@year=\count370
\c@HOUR=\count371
\c@HOURXII=\count372
\c@MINUTE=\count373
\c@TOHOUR=\count374
\c@TOMINUTE=\count375
\c@SECOND=\count376
\currenthour=\count377
\currentminute=\count378
\currentsecond=\count379
Package datetime Info: No datetime.cfg file found, using default settings on in
put line 308.
\@dtctr=\count380
\dayofyear=\count381
\dayofweek=\count382
LaTeX Info: Redefining \today on input line 736.
\dt@a=\toks63
\dt@b=\toks64
)
\c@paragraphnum=\count383
LaTeX Font Info:    Trying to load font information for OT1+txr on input line 6
1.

(/usr/share/texlive/texmf-dist/tex/latex/txfonts/ot1txr.fd
File: ot1txr.fd 2000/12/15 v3.1
) (./main.aux
(./bu.aux))
\openout1 = `main.aux'.

LaTeX Font Info:    Checking defaults for OML/txmi/m/it on input line 61.
LaTeX Font Info:    Trying to load font information for OML+txmi on input line 
61.
 (/usr/share/texlive/texmf-dist/tex/latex/txfonts/omltxmi.fd
File: omltxmi.fd 2000/12/15 v3.1
)
LaTeX Font Info:    ... okay on input line 61.
LaTeX Font Info:    Checking defaults for OMS/txsy/m/n on input line 61.
LaTeX Font Info:    Trying to load font information for OMS+txsy on input line 
61.

(/usr/share/texlive/texmf-dist/tex/latex/txfonts/omstxsy.fd
File: omstxsy.fd 2000/12/15 v3.1
)
LaTeX Font Info:    ... okay on input line 61.
LaTeX Font Info:    Checking defaults for OT1/cmr/m/n on input line 61.
LaTeX Font Info:    ... okay on input line 61.
LaTeX Font Info:    Checking defaults for T1/cmr/m/n on input line 61.
LaTeX Font Info:    ... okay on input line 61.
LaTeX Font Info:    Checking defaults for TS1/cmr/m/n on input line 61.
LaTeX Font Info:    ... okay on input line 61.
LaTeX Font Info:    Checking defaults for OMX/txex/m/n on input line 61.
LaTeX Font Info:    Trying to load font information for OMX+txex on input line 
61.

(/usr/share/texlive/texmf-dist/tex/latex/txfonts/omxtxex.fd
File: omxtxex.fd 2000/12/15 v3.1
)
LaTeX Font Info:    ... okay on input line 61.
LaTeX Font Info:    Checking defaults for U/txexa/m/n on input line 61.
LaTeX Font Info:    Trying to load font information for U+txexa on input line 6
1.

(/usr/share/texlive/texmf-dist/tex/latex/txfonts/utxexa.fd
File: utxexa.fd 2000/12/15 v3.1
)
LaTeX Font Info:    ... okay on input line 61.
LaTeX Font Info:    Checking defaults for PD1/pdf/m/n on input line 61.
LaTeX Font Info:    ... okay on input line 61.
LaTeX Font Info:    Checking defaults for PU/pdf/m/n on input line 61.
LaTeX Font Info:    ... okay on input line 61.
Package caption Info: Begin \AtBeginDocument code.
Package caption Info: hyperref package is loaded.
Package caption Info: End \AtBeginDocument code.

*geometry* driver: auto-detecting
*geometry* detected driver: pdftex
*geometry* verbose mode - [ preamble ] result:
* driver: pdftex
* paper: <default>
* layout: <same size as paper>
* layoutoffset:(h,v)=(0.0pt,0.0pt)
* modes: 
* h-part:(L,W,R)=(72.26999pt, 469.75502pt, 72.26999pt)
* v-part:(T,H,B)=(90.3375pt, 614.295pt, 90.3375pt)
* \paperwidth=614.295pt
* \paperheight=794.96999pt
* \textwidth=469.75502pt
* \textheight=614.295pt
* \oddsidemargin=0.0pt
* \evensidemargin=0.0pt
* \topmargin=-18.9325pt
* \headheight=12.0pt
* \headsep=25.0pt
* \topskip=12.0pt
* \footskip=30.0pt
* \marginparwidth=44.0pt
* \marginparsep=10.0pt
* \columnsep=10.0pt
* \skip\footins=10.8pt plus 4.0pt minus 2.0pt
* \hoffset=0.0pt
* \voffset=0.0pt
* \mag=1000
* \@twocolumnfalse
* \@twosidefalse
* \@mparswitchfalse
* \@reversemarginfalse
* (1in=72.27pt=25.4mm, 1cm=28.453pt)

(/usr/share/texlive/texmf-dist/tex/context/base/mkii/supp-pdf.mkii
[Loading MPS to PDF converter (version 2006.09.02).]
\scratchcounter=\count384
\scratchdimen=\dimen329
\scratchbox=\box78
\nofMPsegments=\count385
\nofMParguments=\count386
\everyMPshowfont=\toks65
\MPscratchCnt=\count387
\MPscratchDim=\dimen330
\MPnumerator=\count388
\makeMPintoPDFobject=\count389
\everyMPtoPDFconversion=\toks66
) (/usr/share/texlive/texmf-dist/tex/latex/epstopdf-pkg/epstopdf-base.sty
Package: epstopdf-base 2020-01-24 v2.11 Base part for package epstopdf
Package epstopdf-base Info: Redefining graphics rule for `.eps' on input line 4
85.

(/usr/share/texlive/texmf-dist/tex/latex/latexconfig/epstopdf-sys.cfg
File: epstopdf-sys.cfg 2010/07/13 v1.3 Configuration of (r)epstopdf for TeX Liv
e
))

Package todonotes Warning: The length marginparwidth is less than 2cm and will 
most likely cause issues with the appearance of inserted todonotes. The issue c
an be solved by adding a line like \setlength {\marginparwidth }{2cm} prior to 
loading the todonotes package. on input line 61.

Package hyperref Info: Link coloring ON on input line 61.
(./main.out) (./main.out)
\@outlinefile=\write5
\openout5 = `main.out'.


(/usr/share/texlive/texmf-dist/tex/latex/fmtcount/fc-english.def
File: fc-english.def 2016/01/12
)
LaTeX Font Info:    Trying to load font information for U+txsya on input line 8
0.

(/usr/share/texlive/texmf-dist/tex/latex/txfonts/utxsya.fd
File: utxsya.fd 2000/12/15 v3.1
)
LaTeX Font Info:    Trying to load font information for U+txsyb on input line 8
0.

(/usr/share/texlive/texmf-dist/tex/latex/txfonts/utxsyb.fd
File: utxsyb.fd 2000/12/15 v3.1
)
LaTeX Font Info:    Trying to load font information for U+rsfs on input line 80
.

(/usr/share/texlive/texmf-dist/tex/latex/jknapltx/ursfs.fd
File: ursfs.fd 1998/03/24 rsfs font definition file (jk)
)
LaTeX Font Info:    Trying to load font information for U+txmia on input line 8
0.

(/usr/share/texlive/texmf-dist/tex/latex/txfonts/utxmia.fd
File: utxmia.fd 2000/12/15 v3.1
)
LaTeX Font Info:    Trying to load font information for U+txsyc on input line 8
0.

(/usr/share/texlive/texmf-dist/tex/latex/txfonts/utxsyc.fd
File: utxsyc.fd 2000/12/15 v3.1
)
LaTeX Font Info:    Trying to load font information for TS1+txr on input line 8
0.

(/usr/share/texlive/texmf-dist/tex/latex/txfonts/ts1txr.fd
File: ts1txr.fd 2000/12/15 v3.1
)
LaTeX Font Info:    Font shape `OT1/txr/b/n' in size <10.95> not available
(Font)              Font shape `OT1/txr/bx/n' tried instead on input line 87.
LaTeX Font Info:    Font shape `OT1/txr/b/n' in size <12> not available
(Font)              Font shape `OT1/txr/bx/n' tried instead on input line 96.
 (./wordcount.tex)
[1

{/var/lib/texmf/fonts/map/pdftex/updmap/pdftex.map}{/usr/share/texlive/texmf-di
st/fonts/enc/dvips/base/8r.enc}]
LaTeX Font Info:    Font shape `OT1/txr/b/n' in size <17.28> not available
(Font)              Font shape `OT1/txr/bx/n' tried instead on input line 106.

pdfTeX warning (ext4): destination with the same identifier (name{page.1}) has 
been already used, duplicate ignored
<to be read again> 
                   \relax 
l.117 
       [1

] [2]
LaTeX Font Info:    Font shape `OT1/txr/b/it' in size <17.28> not available
(Font)              Font shape `OT1/txr/bx/it' tried instead on input line 133.

 [3]
LaTeX Font Info:    Font shape `OT1/txr/b/n' in size <14.4> not available
(Font)              Font shape `OT1/txr/bx/n' tried instead on input line 149.

Overfull \hbox (6.7138pt too wide) in paragraph at lines 153--154
[]\OT1/txr/bx/n/12 [14]\OT1/txr/m/n/12 The ex-pan-sion of Se-guro Pop-u-lar|Mex
ico's pub-lic health in-sur-ance pro-gram for informal-
 []

[4]
LaTeX Font Info:    Font shape `OT1/txr/b/it' in size <12> not available
(Font)              Font shape `OT1/txr/bx/it' tried instead on input line 157.


Overfull \hbox (1.497pt too wide) in paragraph at lines 165--166
\OT1/txr/bx/n/12 [19]\OT1/txr/m/n/12 Our anal-y-sis sam-ple is re-stricted to d
eaths among adults aged 65 and older, in highly marginal-
 []

[5] [6] [7] [8] [9] [10] [11] [12]
LaTeX Font Info:    Trying to load font information for U+dsrom on input line 2
65.

(/usr/share/texlive/texmf-dist/tex/latex/doublestroke/Udsrom.fd
File: Udsrom.fd 1995/08/01 v0.1 Double stroke roman font definitions
) [13] [14]
[15] [16]
\openout3 = `bu.aux'.

 (./main.bbl [17]
Underfull \hbox (badness 1776) in paragraph at lines 167--170
[]\OT1/txr/m/n/12 Parker, S. W. and P. E. Todd (2017).  Con-di-tional cash tran
s-fers: The case of pro-
 []

) [18] (./figures.tex

pdfTeX warning: pdflatex (file ./figures/Figure_1a_marg.pdf): PDF inclusion: fo
und PDF version <1.6>, but at most version <1.5> allowed
<figures/Figure_1a_marg.pdf, id=456, 542.025pt x 325.215pt>
File: figures/Figure_1a_marg.pdf Graphic file (type pdf)
<use figures/Figure_1a_marg.pdf>
Package pdftex.def Info: figures/Figure_1a_marg.pdf  used on input line 6.
(pdftex.def)             Requested size: 418.08168pt x 250.85797pt.
<figures/Figure_1b_inten1999.png, id=457, 1204.5pt x 812.03375pt>
File: figures/Figure_1b_inten1999.png Graphic file (type png)
<use figures/Figure_1b_inten1999.png>
Package pdftex.def Info: figures/Figure_1b_inten1999.png  used on input line 9.

(pdftex.def)             Requested size: 230.18253pt x 155.18013pt.
<figures/Figure_1c_inten2005.png, id=458, 1204.5pt x 812.03375pt>
File: figures/Figure_1c_inten2005.png Graphic file (type png)
<use figures/Figure_1c_inten2005.png>
Package pdftex.def Info: figures/Figure_1c_inten2005.png  used on input line 11
.
(pdftex.def)             Requested size: 230.18253pt x 155.18013pt.


pdfTeX warning: pdflatex (file ./figures/Figure_2_pooled.pdf): PDF inclusion: f
ound PDF version <1.6>, but at most version <1.5> allowed
<figures/Figure_2_pooled.pdf, id=459, 542.025pt x 325.215pt>
File: figures/Figure_2_pooled.pdf Graphic file (type pdf)
<use figures/Figure_2_pooled.pdf>
Package pdftex.def Info: figures/Figure_2_pooled.pdf  used on input line 25.
(pdftex.def)             Requested size: 281.85587pt x 169.11774pt.


pdfTeX warning: pdflatex (file ./figures/Figure_2_female.pdf): PDF inclusion: f
ound PDF version <1.6>, but at most version <1.5> allowed
<figures/Figure_2_female.pdf, id=460, 542.025pt x 325.215pt>
File: figures/Figure_2_female.pdf Graphic file (type pdf)
<use figures/Figure_2_female.pdf>
Package pdftex.def Info: figures/Figure_2_female.pdf  used on input line 28.
(pdftex.def)             Requested size: 230.18253pt x 138.10785pt.


pdfTeX warning: pdflatex (file ./figures/Figure_2_male.pdf): PDF inclusion: fou
nd PDF version <1.6>, but at most version <1.5> allowed
<figures/Figure_2_male.pdf, id=461, 542.025pt x 325.215pt>
File: figures/Figure_2_male.pdf Graphic file (type pdf)
<use figures/Figure_2_male.pdf>
Package pdftex.def Info: figures/Figure_2_male.pdf  used on input line 30.
(pdftex.def)             Requested size: 230.18253pt x 138.10785pt.
LaTeX Font Info:    Trying to load font information for OT1+txtt on input line 
31.
(/usr/share/texlive/texmf-dist/tex/latex/txfonts/ot1txtt.fd
File: ot1txtt.fd 2000/12/15 v3.1
) [19 <./figures/Figure_1a_marg.pdf> <./figures/Figure_1b_inten1999.png (PNG co
py)> <./figures/Figure_1c_inten2005.png (PNG copy)>]) [20 <./figures/Figure_2_p
ooled.pdf> <./figures/Figure_2_female.pdf> <./figures/Figure_2_male.pdf>] (./ta
bles.tex
(./tables/T1_descriptives.tex) (./tables/T1_descriptives.tex)
(./tables/T1_descriptives.tex)
Overfull \vbox (25.30135pt too high) has occurred while \output is active []


[21] (./tables/T2_mortality.tex) (./tables/T2_mortality.tex)
(./tables/T2_mortality.tex) (./tables/T3_experimental.tex)
(./tables/T3_experimental.tex) (./tables/T3_experimental.tex)
Overfull \hbox (22.77597pt too wide) detected at line 42
 [] 
 []

[22

pdfTeX warning: pdflatex: pop empty color page stack 0
] (./tables/appendix/AT_gertler_pooled.tex)
(./tables/appendix/AT_gertler_pooled.tex)
(./tables/appendix/AT_gertler_pooled.tex)
Overfull \hbox (153.25662pt too wide) detected at line 57
 [] 
 []

) [23

pdfTeX warning: pdflatex: pop empty color page stack 0
] [24

pdfTeX warning: pdflatex: pop empty color page stack 0
] (./main.lof)
\tf@lof=\write6
\openout6 = `main.lof'.

 (./main.lot
pdfTeX warning (ext4): destination with the same identifier (name{page.1}) has 
been already used, duplicate ignored
<to be read again> 
                   \relax 
l.5 ...and Rowberry (2013)}}{16}{table.caption.21}
                                                  % [1])
\tf@lot=\write7
\openout7 = `main.lot'.


pdfTeX warning (ext4): destination with the same identifier (name{page.2}) has 
been already used, duplicate ignored
<to be read again> 
                   \relax 
l.338 \newpage
               [2] (./figures_app.tex

pdfTeX warning: pdflatex (file ./figures/appendix/Figure_1_all.pdf): PDF inclus
ion: found PDF version <1.6>, but at most version <1.5> allowed
<figures/appendix/Figure_1_all.pdf, id=736, 542.025pt x 325.215pt>
File: figures/appendix/Figure_1_all.pdf Graphic file (type pdf)
<use figures/appendix/Figure_1_all.pdf>
Package pdftex.def Info: figures/appendix/Figure_1_all.pdf  used on input line 
7.
(pdftex.def)             Requested size: 418.08168pt x 250.85797pt.
<figures/appendix/Figure_2a_inten1999_all.png, id=737, 1204.5pt x 812.03375pt>
File: figures/appendix/Figure_2a_inten1999_all.png Graphic file (type png)
<use figures/appendix/Figure_2a_inten1999_all.png>
Package pdftex.def Info: figures/appendix/Figure_2a_inten1999_all.png  used on 
input line 17.
(pdftex.def)             Requested size: 230.18253pt x 155.18013pt.
<figures/appendix/Figure_2b_inten2005_all.png, id=738, 1204.5pt x 812.03375pt>
File: figures/appendix/Figure_2b_inten2005_all.png Graphic file (type png)
<use figures/appendix/Figure_2b_inten2005_all.png>
Package pdftex.def Info: figures/appendix/Figure_2b_inten2005_all.png  used on 
input line 19.
(pdftex.def)             Requested size: 230.18253pt x 155.18013pt.
<figures/appendix/Figure_2c_inten1997_mort.png, id=739, 1204.5pt x 812.03375pt>

File: figures/appendix/Figure_2c_inten1997_mort.png Graphic file (type png)
<use figures/appendix/Figure_2c_inten1997_mort.png>
Package pdftex.def Info: figures/appendix/Figure_2c_inten1997_mort.png  used on
 input line 21.
(pdftex.def)             Requested size: 230.18253pt x 155.18013pt.
<figures/appendix/Figure_2d_inten1997_mort_all.png, id=740, 1204.5pt x 812.0337
5pt>
File: figures/appendix/Figure_2d_inten1997_mort_all.png Graphic file (type png)

<use figures/appendix/Figure_2d_inten1997_mort_all.png>
Package pdftex.def Info: figures/appendix/Figure_2d_inten1997_mort_all.png  use
d on input line 23.
(pdftex.def)             Requested size: 230.18253pt x 155.18013pt.

pdfTeX warning (ext4): destination with the same identifier (name{page.3}) has 
been already used, duplicate ignored
<to be read again> 
                   \relax 
l.27 
      [3
! Undefined control sequence.
\@calc@post@scan ...st@scan \else \def \calc@next 
                                                  {\calc@error #1}\fi \fi \f...
l.27 
     
The control sequence at the end of the top line
of your error message was never \def'ed. If you have
misspelled it (e.g., `\hobx'), type `I' and the correct
spelling (e.g., `I\hbox'). Otherwise just continue,
and I'll forget about whatever was undefined.

! Undefined control sequence.
\@calc@post@scan ...fi \fi \fi \fi \fi \calc@next 
                                                  
l.27 
     
The control sequence at the end of the top line
of your error message was never \def'ed. If you have
misspelled it (e.g., `\hobx'), type `I' and the correct
spelling (e.g., `I\hbox'). Otherwise just continue,
and I'll forget about whatever was undefined.

 <./figures/appendix/Figure_1_all.pdf>]

pdfTeX warning: pdflatex (file ./figures/appendix/AF_enroll_loc_marg_pctile.pdf
): PDF inclusion: found PDF version <1.6>, but at most version <1.5> allowed
<figures/appendix/AF_enroll_loc_marg_pctile.pdf, id=754, 542.025pt x 325.215pt>

File: figures/appendix/AF_enroll_loc_marg_pctile.pdf Graphic file (type pdf)
<use figures/appendix/AF_enroll_loc_marg_pctile.pdf>
Package pdftex.def Info: figures/appendix/AF_enroll_loc_marg_pctile.pdf  used o
n input line 33.
(pdftex.def)             Requested size: 328.82707pt x 197.30402pt.


pdfTeX warning: pdflatex (file ./figures/appendix/AF_enroll_mun_marg_pctile.pdf
): PDF inclusion: found PDF version <1.6>, but at most version <1.5> allowed
<figures/appendix/AF_enroll_mun_marg_pctile.pdf, id=755, 542.025pt x 325.215pt>

File: figures/appendix/AF_enroll_mun_marg_pctile.pdf Graphic file (type pdf)
<use figures/appendix/AF_enroll_mun_marg_pctile.pdf>
Package pdftex.def Info: figures/appendix/AF_enroll_mun_marg_pctile.pdf  used o
n input line 36.
(pdftex.def)             Requested size: 328.82707pt x 197.30402pt.

pdfTeX warning (ext4): destination with the same identifier (name{page.4}) has 
been already used, duplicate ignored
<to be read again> 
                   \relax 
l.40 
      [4 <./figures/appendix/Figure_2a_inten1999_all.png (PNG copy)> <./figures
/appendix/Figure_2b_inten2005_all.png (PNG copy)> <./figures/appendix/Figure_2c
_inten1997_mort.png (PNG copy)> <./figures/appendix/Figure_2d_inten1997_mort_al
l.png (PNG copy)>]

pdfTeX warning: pdflatex (file ./figures/appendix/Figure_3_tb_cancer_Marg.pdf):
 PDF inclusion: found PDF version <1.6>, but at most version <1.5> allowed
<figures/appendix/Figure_3_tb_cancer_Marg.pdf, id=763, 542.025pt x 325.215pt>
File: figures/appendix/Figure_3_tb_cancer_Marg.pdf Graphic file (type pdf)
<use figures/appendix/Figure_3_tb_cancer_Marg.pdf>
Package pdftex.def Info: figures/appendix/Figure_3_tb_cancer_Marg.pdf  used on 
input line 47.
(pdftex.def)             Requested size: 230.18253pt x 138.10785pt.


pdfTeX warning: pdflatex (file ./figures/appendix/Figure_3_tb_diab_Marg.pdf): P
DF inclusion: found PDF version <1.6>, but at most version <1.5> allowed
<figures/appendix/Figure_3_tb_diab_Marg.pdf, id=764, 542.025pt x 325.215pt>
File: figures/appendix/Figure_3_tb_diab_Marg.pdf Graphic file (type pdf)
<use figures/appendix/Figure_3_tb_diab_Marg.pdf>
Package pdftex.def Info: figures/appendix/Figure_3_tb_diab_Marg.pdf  used on in
put line 49.
(pdftex.def)             Requested size: 230.18253pt x 138.10785pt.


pdfTeX warning: pdflatex (file ./figures/appendix/Figure_3_tb_illdef_Marg.pdf):
 PDF inclusion: found PDF version <1.6>, but at most version <1.5> allowed
<figures/appendix/Figure_3_tb_illdef_Marg.pdf, id=765, 542.025pt x 325.215pt>
File: figures/appendix/Figure_3_tb_illdef_Marg.pdf Graphic file (type pdf)
<use figures/appendix/Figure_3_tb_illdef_Marg.pdf>
Package pdftex.def Info: figures/appendix/Figure_3_tb_illdef_Marg.pdf  used on 
input line 52.
(pdftex.def)             Requested size: 230.18253pt x 138.10785pt.


pdfTeX warning: pdflatex (file ./figures/appendix/Figure_3_tb_resp_Marg.pdf): P
DF inclusion: found PDF version <1.6>, but at most version <1.5> allowed
<figures/appendix/Figure_3_tb_resp_Marg.pdf, id=766, 542.025pt x 325.215pt>
File: figures/appendix/Figure_3_tb_resp_Marg.pdf Graphic file (type pdf)
<use figures/appendix/Figure_3_tb_resp_Marg.pdf>
Package pdftex.def Info: figures/appendix/Figure_3_tb_resp_Marg.pdf  used on in
put line 54.
(pdftex.def)             Requested size: 230.18253pt x 138.10785pt.

pdfTeX warning (ext4): destination with the same identifier (name{page.5}) has 
been already used, duplicate ignored
<to be read again> 
                   \relax 
l.58 
      [5 <./figures/appendix/AF_enroll_loc_marg_pctile.pdf> <./figures/appendix
/AF_enroll_mun_marg_pctile.pdf>]

pdfTeX warning: pdflatex (file ./figures/appendix/Figure_3_tb_card_Marg.pdf): P
DF inclusion: found PDF version <1.6>, but at most version <1.5> allowed
<figures/appendix/Figure_3_tb_card_Marg.pdf, id=794, 542.025pt x 325.215pt>
File: figures/appendix/Figure_3_tb_card_Marg.pdf Graphic file (type pdf)
<use figures/appendix/Figure_3_tb_card_Marg.pdf>
Package pdftex.def Info: figures/appendix/Figure_3_tb_card_Marg.pdf  used on in
put line 66.
(pdftex.def)             Requested size: 230.18253pt x 138.10785pt.


pdfTeX warning: pdflatex (file ./figures/appendix/Figure_3_tb_infect_Marg.pdf):
 PDF inclusion: found PDF version <1.6>, but at most version <1.5> allowed
<figures/appendix/Figure_3_tb_infect_Marg.pdf, id=795, 542.025pt x 325.215pt>
File: figures/appendix/Figure_3_tb_infect_Marg.pdf Graphic file (type pdf)
<use figures/appendix/Figure_3_tb_infect_Marg.pdf>
Package pdftex.def Info: figures/appendix/Figure_3_tb_infect_Marg.pdf  used on 
input line 68.
(pdftex.def)             Requested size: 230.18253pt x 138.10785pt.


pdfTeX warning: pdflatex (file ./figures/appendix/Figure_3_tb_nutri_Marg.pdf): 
PDF inclusion: found PDF version <1.6>, but at most version <1.5> allowed
<figures/appendix/Figure_3_tb_nutri_Marg.pdf, id=796, 542.025pt x 325.215pt>
File: figures/appendix/Figure_3_tb_nutri_Marg.pdf Graphic file (type pdf)
<use figures/appendix/Figure_3_tb_nutri_Marg.pdf>
Package pdftex.def Info: figures/appendix/Figure_3_tb_nutri_Marg.pdf  used on i
nput line 71.
(pdftex.def)             Requested size: 230.18253pt x 138.10785pt.


pdfTeX warning: pdflatex (file ./figures/appendix/Figure_3_tb_accid_Marg.pdf): 
PDF inclusion: found PDF version <1.6>, but at most version <1.5> allowed
<figures/appendix/Figure_3_tb_accid_Marg.pdf, id=797, 542.025pt x 325.215pt>
File: figures/appendix/Figure_3_tb_accid_Marg.pdf Graphic file (type pdf)
<use figures/appendix/Figure_3_tb_accid_Marg.pdf>
Package pdftex.def Info: figures/appendix/Figure_3_tb_accid_Marg.pdf  used on i
nput line 73.
(pdftex.def)             Requested size: 230.18253pt x 138.10785pt.

pdfTeX warning (ext4): destination with the same identifier (name{page.6}) has 
been already used, duplicate ignored
<to be read again> 
                   \relax 
l.77 
      [6 <./figures/appendix/Figure_3_tb_cancer_Marg.pdf> <./figures/appendix/F
igure_3_tb_diab_Marg.pdf> <./figures/appendix/Figure_3_tb_illdef_Marg.pdf> <./f
igures/appendix/Figure_3_tb_resp_Marg.pdf>]

pdfTeX warning: pdflatex (file ./figures/appendix/Figure_7_ES_func_form_levels.
pdf): PDF inclusion: found PDF version <1.6>, but at most version <1.5> allowed

<figures/appendix/Figure_7_ES_func_form_levels.pdf, id=1570, 542.025pt x 325.21
5pt>
File: figures/appendix/Figure_7_ES_func_form_levels.pdf Graphic file (type pdf)

<use figures/appendix/Figure_7_ES_func_form_levels.pdf>
Package pdftex.def Info: figures/appendix/Figure_7_ES_func_form_levels.pdf  use
d on input line 84.
(pdftex.def)             Requested size: 230.18253pt x 138.10785pt.


pdfTeX warning: pdflatex (file ./figures/appendix/Figure_5a_uw.pdf): PDF inclus
ion: found PDF version <1.6>, but at most version <1.5> allowed
<figures/appendix/Figure_5a_uw.pdf, id=1571, 542.025pt x 325.215pt>
File: figures/appendix/Figure_5a_uw.pdf Graphic file (type pdf)
<use figures/appendix/Figure_5a_uw.pdf>
Package pdftex.def Info: figures/appendix/Figure_5a_uw.pdf  used on input line 
86.
(pdftex.def)             Requested size: 230.18253pt x 138.10785pt.


pdfTeX warning: pdflatex (file ./figures/appendix/Figure_7_ES_func_form_log.pdf
): PDF inclusion: found PDF version <1.6>, but at most version <1.5> allowed
<figures/appendix/Figure_7_ES_func_form_log.pdf, id=1572, 542.025pt x 325.215pt
>
File: figures/appendix/Figure_7_ES_func_form_log.pdf Graphic file (type pdf)
<use figures/appendix/Figure_7_ES_func_form_log.pdf>
Package pdftex.def Info: figures/appendix/Figure_7_ES_func_form_log.pdf  used o
n input line 90.
(pdftex.def)             Requested size: 230.18253pt x 138.10785pt.


pdfTeX warning: pdflatex (file ./figures/appendix/Figure_7_ES_func_form_poisson
.pdf): PDF inclusion: found PDF version <1.6>, but at most version <1.5> allowe
d
<figures/appendix/Figure_7_ES_func_form_poisson.pdf, id=1573, 542.025pt x 325.2
15pt>
File: figures/appendix/Figure_7_ES_func_form_poisson.pdf Graphic file (type pdf
)
<use figures/appendix/Figure_7_ES_func_form_poisson.pdf>
Package pdftex.def Info: figures/appendix/Figure_7_ES_func_form_poisson.pdf  us
ed on input line 92.
(pdftex.def)             Requested size: 230.18253pt x 138.10785pt.


pdfTeX warning: pdflatex (file ./figures/appendix/Figure_5_aamr_col4.pdf): PDF 
inclusion: found PDF version <1.6>, but at most version <1.5> allowed
<figures/appendix/Figure_5_aamr_col4.pdf, id=1574, 542.025pt x 325.215pt>
File: figures/appendix/Figure_5_aamr_col4.pdf Graphic file (type pdf)
<use figures/appendix/Figure_5_aamr_col4.pdf>
Package pdftex.def Info: figures/appendix/Figure_5_aamr_col4.pdf  used on input
 line 95.
(pdftex.def)             Requested size: 230.18253pt x 138.10785pt.

pdfTeX warning (ext4): destination with the same identifier (name{page.7}) has 
been already used, duplicate ignored
<to be read again> 
                   \relax 
l.99 
      [7 <./figures/appendix/Figure_3_tb_card_Marg.pdf> <./figures/appendix/Fig
ure_3_tb_infect_Marg.pdf> <./figures/appendix/Figure_3_tb_nutri_Marg.pdf> <./fi
gures/appendix/Figure_3_tb_accid_Marg.pdf>]
Overfull \vbox (53.60349pt too high) has occurred while \output is active []


pdfTeX warning (ext4): destination with the same identifier (name{page.8}) has 
been already used, duplicate ignored
<to be read again> 
                   \relax 
l.99 
      [8 <./figures/appendix/Figure_7_ES_func_form_levels.pdf> <./figures/appen
dix/Figure_5a_uw.pdf> <./figures/appendix/Figure_7_ES_func_form_log.pdf> <./fig
ures/appendix/Figure_7_ES_func_form_poisson.pdf> <./figures/appendix/Figure_5_a
amr_col4.pdf>]

pdfTeX warning: pdflatex (file ./figures/appendix/AF_ses_trend.pdf): PDF inclus
ion: found PDF version <1.6>, but at most version <1.5> allowed
<figures/appendix/AF_ses_trend.pdf, id=3242, 542.025pt x 325.215pt>
File: figures/appendix/AF_ses_trend.pdf Graphic file (type pdf)
<use figures/appendix/AF_ses_trend.pdf>
Package pdftex.def Info: figures/appendix/AF_ses_trend.pdf  used on input line 
106.
(pdftex.def)             Requested size: 305.33789pt x 183.20592pt.


pdfTeX warning: pdflatex (file ./figures/appendix/AF_ses_trend_f.pdf): PDF incl
usion: found PDF version <1.6>, but at most version <1.5> allowed
<figures/appendix/AF_ses_trend_f.pdf, id=3243, 542.025pt x 325.215pt>
File: figures/appendix/AF_ses_trend_f.pdf Graphic file (type pdf)
<use figures/appendix/AF_ses_trend_f.pdf>
Package pdftex.def Info: figures/appendix/AF_ses_trend_f.pdf  used on input lin
e 109.
(pdftex.def)             Requested size: 230.18253pt x 138.10785pt.


pdfTeX warning: pdflatex (file ./figures/appendix/AF_ses_trend_m.pdf): PDF incl
usion: found PDF version <1.6>, but at most version <1.5> allowed
<figures/appendix/AF_ses_trend_m.pdf, id=3244, 542.025pt x 325.215pt>
File: figures/appendix/AF_ses_trend_m.pdf Graphic file (type pdf)
<use figures/appendix/AF_ses_trend_m.pdf>
Package pdftex.def Info: figures/appendix/AF_ses_trend_m.pdf  used on input lin
e 111.
(pdftex.def)             Requested size: 230.18253pt x 138.10785pt.


pdfTeX warning: pdflatex (file ./figures/appendix/AF_beta0_stability.pdf): PDF 
inclusion: found PDF version <1.6>, but at most version <1.5> allowed
<figures/appendix/AF_beta0_stability.pdf, id=3245, 542.025pt x 325.215pt>
File: figures/appendix/AF_beta0_stability.pdf Graphic file (type pdf)
<use figures/appendix/AF_beta0_stability.pdf>
Package pdftex.def Info: figures/appendix/AF_beta0_stability.pdf  used on input
 line 121.
(pdftex.def)             Requested size: 352.31625pt x 211.39717pt.

pdfTeX warning (ext4): destination with the same identifier (name{page.9}) has 
been already used, duplicate ignored
<to be read again> 
                   \relax 
l.125 
       [9 <./figures/appendix/AF_ses_trend.pdf> <./figures/appendix/AF_ses_tren
d_f.pdf> <./figures/appendix/AF_ses_trend_m.pdf>]

pdfTeX warning: pdflatex (file ./figures/appendix/Figure_6_emr65f_BR.pdf): PDF 
inclusion: found PDF version <1.6>, but at most version <1.5> allowed
<figures/appendix/Figure_6_emr65f_BR.pdf, id=6812, 542.025pt x 325.215pt>
File: figures/appendix/Figure_6_emr65f_BR.pdf Graphic file (type pdf)
<use figures/appendix/Figure_6_emr65f_BR.pdf>
Package pdftex.def Info: figures/appendix/Figure_6_emr65f_BR.pdf  used on input
 line 138.
(pdftex.def)             Requested size: 230.18253pt x 138.10785pt.


pdfTeX warning: pdflatex (file ./figures/appendix/Figure_6_emr65f_HighMarg.pdf)
: PDF inclusion: found PDF version <1.6>, but at most version <1.5> allowed
<figures/appendix/Figure_6_emr65f_HighMarg.pdf, id=6813, 542.025pt x 325.215pt>

File: figures/appendix/Figure_6_emr65f_HighMarg.pdf Graphic file (type pdf)
<use figures/appendix/Figure_6_emr65f_HighMarg.pdf>
Package pdftex.def Info: figures/appendix/Figure_6_emr65f_HighMarg.pdf  used on
 input line 140.
(pdftex.def)             Requested size: 230.18253pt x 138.10785pt.


pdfTeX warning: pdflatex (file ./figures/appendix/Figure_6_emr65m_BR.pdf): PDF 
inclusion: found PDF version <1.6>, but at most version <1.5> allowed
<figures/appendix/Figure_6_emr65m_BR.pdf, id=6814, 542.025pt x 325.215pt>
File: figures/appendix/Figure_6_emr65m_BR.pdf Graphic file (type pdf)
<use figures/appendix/Figure_6_emr65m_BR.pdf>
Package pdftex.def Info: figures/appendix/Figure_6_emr65m_BR.pdf  used on input
 line 143.
(pdftex.def)             Requested size: 230.18253pt x 138.10785pt.


pdfTeX warning: pdflatex (file ./figures/appendix/Figure_6_emr65m_HighMarg.pdf)
: PDF inclusion: found PDF version <1.6>, but at most version <1.5> allowed
<figures/appendix/Figure_6_emr65m_HighMarg.pdf, id=6815, 542.025pt x 325.215pt>

File: figures/appendix/Figure_6_emr65m_HighMarg.pdf Graphic file (type pdf)
<use figures/appendix/Figure_6_emr65m_HighMarg.pdf>
Package pdftex.def Info: figures/appendix/Figure_6_emr65m_HighMarg.pdf  used on
 input line 145.
(pdftex.def)             Requested size: 230.18253pt x 138.10785pt.

pdfTeX warning (ext4): destination with the same identifier (name{page.10}) has
 been already used, duplicate ignored
<to be read again> 
                   \relax 
l.149 
       [10 <./figures/appendix/AF_beta0_stability.pdf>]) (./tables_app.tex
(./tables/appendix/AT_ses_trend_summary.tex)
(./tables/appendix/AT_ses_trend_summary.tex)
(./tables/appendix/AT_ses_trend_summary.tex)
pdfTeX warning (ext4): destination with the same identifier (name{page.11}) has
 been already used, duplicate ignored
<to be read again> 
                   \relax 
l.28 
      [11 <./figures/appendix/Figure_6_emr65f_BR.pdf> <./figures/appendix/Figur
e_6_emr65f_HighMarg.pdf> <./figures/appendix/Figure_6_emr65m_BR.pdf> <./figures
/appendix/Figure_6_emr65m_HighMarg.pdf>]
(./tables/appendix/AT1_cod_mortality.tex)
(./tables/appendix/AT1_cod_mortality.tex)
(./tables/appendix/AT1_cod_mortality.tex)
Overfull \hbox (3.8792pt too wide) detected at line 39
 [] 
 []


pdfTeX warning (ext4): destination with the same identifier (name{page.12}) has
 been already used, duplicate ignored
<to be read again> 
                   \relax 
l.41 
      [12

pdfTeX warning: pdflatex: pop empty color page stack 0
] (./tables/appendix/AT_age_subgroups.tex)
(./tables/appendix/AT_age_subgroups.tex)
(./tables/appendix/AT_age_subgroups.tex)
pdfTeX warning (ext4): destination with the same identifier (name{page.13}) has
 been already used, duplicate ignored
<to be read again> 
                   \relax 
l.54 
      [13

pdfTeX warning: pdflatex: pop empty color page stack 0
] (./tables/appendix/AT2_functional_forms.tex)
(./tables/appendix/AT2_functional_forms.tex)
(./tables/appendix/AT2_functional_forms.tex)
pdfTeX warning (ext4): destination with the same identifier (name{page.14}) has
 been already used, duplicate ignored
<to be read again> 
                   \relax 
l.68 \newpage
              [14

pdfTeX warning: pdflatex: pop empty color page stack 0
]
pdfTeX warning (ext4): destination with the same identifier (name{page.15}) has
 been already used, duplicate ignored
<to be read again> 
                   \relax 
l.68 \newpage
              [15

pdfTeX warning: pdflatex: pop empty color page stack 0
] (./tables/appendix/AT3_BR_replication.tex)
(./tables/appendix/AT3_BR_replication.tex)
(./tables/appendix/AT3_BR_replication.tex)
Overfull \vbox (21.56187pt too high) has occurred while \output is active []


pdfTeX warning (ext4): destination with the same identifier (name{page.16}) has
 been already used, duplicate ignored
<to be read again> 
                   \relax 
l.84 \newpage
              [16

pdfTeX warning: pdflatex: pop empty color page stack 0
] (./tables/appendix/AT5_BR_trimming.tex)
(./tables/appendix/AT5_BR_trimming.tex) (./tables/appendix/AT5_BR_trimming.tex)

Overfull \hbox (204.7158pt too wide) detected at line 96
 [] 
 []


pdfTeX warning (ext4): destination with the same identifier (name{page.17}) has
 been already used, duplicate ignored
<to be read again> 
                   \relax 
l.98 \newpage
              [17

pdfTeX warning: pdflatex: pop empty color page stack 0
] (./tables/appendix/AT4_BR_robustness_emr65_2002ctrl_eoy.tex)
(./tables/appendix/AT4_BR_robustness_emr65_2002ctrl_eoy.tex)
(./tables/appendix/AT4_BR_robustness_emr65_2002ctrl_eoy.tex)
Overfull \hbox (11.3796pt too wide) detected at line 111
 [] 
 []

(./tables/appendix/AT6_expenditures_elderly.tex)
(./tables/appendix/AT6_expenditures_elderly.tex)
(./tables/appendix/AT6_expenditures_elderly.tex)
pdfTeX warning (ext4): destination with the same identifier (name{page.18}) has
 been already used, duplicate ignored
<to be read again> 
                   \relax 
l.172 
       [18

pdfTeX warning: pdflatex: pop empty color page stack 0
] (./tables/appendix/AT_elderly_transfer.tex)
(./tables/appendix/AT_elderly_transfer.tex)
(./tables/appendix/AT_elderly_transfer.tex)
pdfTeX warning (ext4): destination with the same identifier (name{page.19}) has
 been already used, duplicate ignored
<to be read again> 
                   \relax 
l.186 
       [19

pdfTeX warning: pdflatex: pop empty color page stack 0
])
\Changes@OutFile=\write8
\openout8 = `main.soc'.

\tf@loc=\write9
\openout9 = `main.loc'.


pdfTeX warning (ext4): destination with the same identifier (name{page.20}) has
 been already used, duplicate ignored
<to be read again> 
                   \relax 
l.351 \end{document}
                     [20

pdfTeX warning: pdflatex: pop empty color page stack 0
] (./main.aux (./bu.aux))
 ***********
LaTeX2e <2023-11-01> patch level 1
L3 programming layer <2024-01-22>
 ***********
Package rerunfilecheck Info: File `main.out' has not changed.
(rerunfilecheck)             Checksum: 36072728E613A8B33124F4B6C2772571;2110.
 ) 
Here is how much of TeX's memory you used:
 30937 strings out of 476106
 613338 string characters out of 5793934
 1996975 words of memory out of 5000000
 52017 multiletter control sequences out of 15000+600000
 622341 words of font info for 192 fonts, out of 8000000 for 9000
 59 hyphenation exceptions out of 8191
 118i,18n,120p,2231b,761s stack positions out of 10000i,1000n,20000p,200000b,200000s
</usr/share/texlive/texmf-dist/fonts/type1/public/doublestroke/dsrom12.pfb></
usr/share/texlive/texmf-dist/fonts/type1/public/txfonts/rtcxr.pfb></usr/share/t
exlive/texmf-dist/fonts/type1/public/txfonts/rtxi.pfb></usr/share/texlive/texmf
-dist/fonts/type1/public/txfonts/rtxmi.pfb></usr/share/texlive/texmf-dist/fonts
/type1/public/txfonts/rtxr.pfb></usr/share/texlive/texmf-dist/fonts/type1/publi
c/txfonts/txex.pfb></usr/share/texlive/texmf-dist/fonts/type1/public/txfonts/tx
sy.pfb></usr/share/texlive/texmf-dist/fonts/type1/public/txfonts/txsyc.pfb></us
r/share/texlive/texmf-dist/fonts/type1/public/txfonts/txtt.pfb></usr/share/texl
ive/texmf-dist/fonts/type1/urw/times/utmb8a.pfb></usr/share/texlive/texmf-dist/
fonts/type1/urw/times/utmbi8a.pfb></usr/share/texlive/texmf-dist/fonts/type1/ur
w/times/utmr8a.pfb></usr/share/texlive/texmf-dist/fonts/type1/urw/times/utmri8a
.pfb>
Output written on main.pdf (45 pages, 4342987 bytes).
PDF statistics:
 8743 PDF objects out of 8907 (max. 8388607)
 8432 compressed objects within 85 object streams
 189 named destinations out of 1000 (max. 500000)
 295 words of extra memory for PDF output out of 10000 (max. 10000000)

